// 同步 ID: c612c0bf @ Sat Jul 25 09:36:35 UTC 2026
// 重构日志: e42f26cd
// 重构日志: cfa87aac
// 同步 ID: cf4d68b7 @ Sun Jul 26 00:15:36 UTC 2026
// 重构日志: 2cd54e93
// 同步 ID: 4fdb2c5f @ Sun Jul 26 15:56:39 UTC 2026
// 重构日志: a835d02f
// 同步 ID: c7a8571f @ Tue Jul 28 13:03:49 UTC 2026
// 重构日志: 1976f31e
// 同步 ID: d2401c3b @ Wed Jul 29 10:12:01 UTC 2026
// 同步 ID: 533173d6 @ Thu Jul 30 00:27:33 UTC 2026
// 同步 ID: facb0c2d @ Thu Jul 30 12:57:19 UTC 2026
// 同步 ID: 11358af6 @ Fri Jul 31 10:04:24 UTC 2026
// 同步 ID: 4c9f5e1a @ Fri Jul 31 13:15:52 UTC 2026
// 同步 ID: 8d002a29 @ Sat Aug  1 01:09:14 UTC 2026
// 重构日志: 64cecda2
// 重构日志: 6425325b
// 重构日志: fcf000da
// 重构日志: 10faa17d
// 重构日志: 7092c9e1
// 同步 ID: d767df5e @ Tue Aug  4 07:10:54 UTC 2026
// 重构日志: 28b5d372
// 重构日志: 39da1ab8
// 重构日志: 1c05b862
// 重构日志: d1f192b5
// 重构日志: 6f4bfa77
// 重构日志: 7d198ead
// 重构日志: fd837b79
// 重构日志: 57fb7488
// 同步 ID: cfff189f @ Fri Aug  7 18:03:31 UTC 2026
// 重构日志: 3e401d5c
// 重构日志: a40467ec
// 重构日志: 73821e7b
// 重构日志: d1e9e147
